[pages.landingcube.com/product/skipping-rope-black/index.html]
[backblue.gif]
[fade.gif]
[index.html]
[cdn.landingcube.com/1/products/24339/product_image_5f06e0d8eb71a.jpg]
[pages.landingcube.com/wp-content/themes/landingcube/style.min85ac.css]
[pages.landingcube.com/apple-touch-icon.png]
[pages.landingcube.com/favicon-32x32.png]
[pages.landingcube.com/favicon-16x16.png]
[connect.facebook.net/en_US/fbevents.js]
[cdn.landingcube.com/1/products/24339/product_image_5f06e0d94143e.jpg]
[cdn.landingcube.com/1/products/24339/product_image_5f06e0d988a5e.jpg]
[pages.landingcube.com/wp-content/themes/landingcube/assets/available_at_amazon_en_vertical.png]
[pages.landingcube.com/wp-includes/js/jquery/jquery4a5f.js]
[pages.landingcube.com/wp-includes/js/jquery/jquery-migrate.min330a.js]
[pages.landingcube.com/wp-content/themes/landingcube/js/campaign_common.min85ac.js]
[pages.landingcube.com/wp-content/themes/landingcube/js/product_page.min85ac.js]
[pages.landingcube.com/wp-content/themes/landingcube/third-party/slick/slick.min85ac.js]
[pages.landingcube.com/wp-content/themes/landingcube/templates/layouts/layout_2/layout_2.min85ac.js]
[cdnjs.cloudflare.com/ajax/libs/iframe-resizer/3.6.1/iframeResizer.contentWindow.mina7a0.js]
[pages.landingcube.com/wp-includes/js/wp-embed.min7661.js]
[pages.landingcube.com/product/skipping-rope-black/index.html]
[pages.landingcube.com/wp-content/themes/landingcube/style.min85ac.css]
[pages.landingcube.com/wp-content/themes/landingcube/templates/layouts/layout_2/assets/triangle.svg]
[pages.landingcube.com/wp-content/themes/landingcube/templates/layouts/layout_2/assets/reminder-svg-square-1.svg]
[pages.landingcube.com/wp-content/themes/landingcube/templates/layouts/layout_2/assets/reminder-svg-square-2.svg]
[pages.landingcube.com/wp-content/themes/landingcube/templates/layouts/layout_2/assets/testimonial-bg-world-left.svg]
[pages.landingcube.com/wp-content/themes/landingcube/templates/layouts/layout_2/assets/testimonial-bg-world-right.svg]
[pages.landingcube.com/wp-content/themes/landingcube/templates/layouts/layout_2/assets/left.svg]
[pages.landingcube.com/wp-content/themes/landingcube/templates/layouts/layout_2/assets/right.svg]
[pages.landingcube.com/wp-content/themes/landingcube/templates/layouts/layout_2/assets/circle.svg]
[pages.landingcube.com/wp-content/themes/landingcube/templates/layouts/layout_2/assets/faq.svg]
[pages.landingcube.com/wp-content/themes/landingcube/templates/layouts/layout_2/assets/drop-down.svg]
[pages.landingcube.com/wp-content/themes/landingcube/templates/layouts/layout_2/assets/pattern.svg]
[pages.landingcube.com/wp-content/themes/landingcube/templates/layouts/layout_2/layout_2.min85ac.css]
[pages.landingcube.com/wp-content/themes/landingcube/templates/layouts/layout_2/assets/email.svg]
[connect.facebook.net/en_US/fbevents.js]
[pages.landingcube.com/wp-content/themes/landingcube/templates/layouts/layout_2/assets/triangle.svg]
[pages.landingcube.com/wp-content/themes/landingcube/templates/layouts/layout_2/assets/reminder-svg-square-1.svg]
[pages.landingcube.com/wp-content/themes/landingcube/templates/layouts/layout_2/assets/reminder-svg-square-2.svg]
[pages.landingcube.com/wp-content/themes/landingcube/templates/layouts/layout_2/assets/testimonial-bg-world-left.svg]
[pages.landingcube.com/wp-content/themes/landingcube/templates/layouts/layout_2/assets/testimonial-bg-world-right.svg]
[pages.landingcube.com/wp-content/themes/landingcube/templates/layouts/layout_2/assets/left.svg]
[pages.landingcube.com/wp-content/themes/landingcube/templates/layouts/layout_2/assets/right.svg]
[pages.landingcube.com/wp-content/themes/landingcube/templates/layouts/layout_2/assets/circle.svg]
[pages.landingcube.com/wp-content/themes/landingcube/templates/layouts/layout_2/assets/faq.svg]
[pages.landingcube.com/wp-content/themes/landingcube/templates/layouts/layout_2/assets/drop-down.svg]
[pages.landingcube.com/wp-content/themes/landingcube/templates/layouts/layout_2/assets/pattern.svg]
[pages.landingcube.com/wp-content/themes/landingcube/templates/layouts/layout_2/assets/email.svg]
